src/app/deleted-records/page.tsx(3,8): error TS6133: 'React' is declared but its value is never read.
src/app/deleted-records/page.tsx(4,34): error TS2307: Cannot find module '@/lib/supabaseDatabase' or its corresponding type declarations.
src/app/deleted-records/page.tsx(5,24): error TS2307: Cannot find module '@/components/ui/button' or its corresponding type declarations.
src/app/deleted-records/page.tsx(6,58): error TS2307: Cannot find module '@/components/ui/card' or its corresponding type declarations.
src/app/deleted-records/page.tsx(7,23): error TS2307: Cannot find module '@/components/ui/badge' or its corresponding type declarations.
src/app/deleted-records/page.tsx(9,41): error TS2307: Cannot find module '@/components/ui/alert' or its corresponding type declarations.
src/app/deleted-records/page.tsx(10,27): error TS2307: Cannot find module 'next/navigation' or its corresponding type declarations.
src/components/UI/AdvancedSearch.tsx(1,27): error TS6133: 'useEffect' is declared but its value is never read.
src/components/UI/AdvancedSearch.tsx(143,18): error TS2304: Cannot find name 'Calendar'.
src/components/UI/AdvancedSearch.tsx(205,18): error TS2304: Cannot find name 'User'.
src/components/UI/AdvancedSearch.tsx(269,17): error TS2322: Type '"outline"' is not assignable to type '"success" | "primary" | "secondary" | "danger" | undefined'.
src/components/UI/AdvancedSearch.tsx(280,17): error TS2322: Type '"outline"' is not assignable to type '"success" | "primary" | "secondary" | "danger" | undefined'.
src/components/UI/AdvancedSearch.tsx(293,17): error TS2322: Type '"outline"' is not assignable to type '"success" | "primary" | "secondary" | "danger" | undefined'.
src/components/UI/AdvancedSearch.tsx(302,17): error TS2322: Type '"outline"' is not assignable to type '"success" | "primary" | "secondary" | "danger" | undefined'.
src/components/UI/AdvancedSearch.tsx(311,17): error TS2322: Type '"outline"' is not assignable to type '"success" | "primary" | "secondary" | "danger" | undefined'.
src/components/UI/Button.tsx(9,10): error TS2304: Cannot find name 'LucideIcon'.
src/components/UI/ModeLabel.tsx(5,11): error TS6133: 'mode' is declared but its value is never read.
src/components/UI/SearchableSelect.tsx(33,7): error TS6133: 'searchPlaceholder' is declared but its value is never read.
src/contexts/AuthContext.tsx(2,20): error TS6133: 'supabaseHelpers' is declared but its value is never read.
src/contexts/AuthContext.tsx(3,1): error TS6133: 'supabaseDB' is declared but its value is never read.
src/contexts/AuthContext.tsx(4,1): error TS6133: 'toast' is declared but its value is never read.
src/hooks/useCashBookData.ts(13,5): error TS2769: No overload matches this call.
  Overload 1 of 3, '(options: DefinedInitialDataOptions<unknown, Error, unknown, readonly ["cashBook", "list", string, number, number]>, queryClient?: QueryClient | undefined): DefinedUseQueryResult<...>', gave the following error.
    Object literal may only specify known properties, and 'keepPreviousData' does not exist in type 'DefinedInitialDataOptions<unknown, Error, unknown, readonly ["cashBook", "list", string, number, number]>'.
  Overload 2 of 3, '(options: UndefinedInitialDataOptions<CashBookEntry[], Error, CashBookEntry[], readonly ["cashBook", "list", string, number, number]>, queryClient?: QueryClient | undefined): UseQueryResult<...>', gave the following error.
    Object literal may only specify known properties, and 'keepPreviousData' does not exist in type 'UndefinedInitialDataOptions<CashBookEntry[], Error, CashBookEntry[], readonly ["cashBook", "list", string, number, number]>'.
  Overload 3 of 3, '(options: UseQueryOptions<CashBookEntry[], Error, CashBookEntry[], readonly ["cashBook", "list", string, number, number]>, queryClient?: QueryClient | undefined): UseQueryResult<...>', gave the following error.
    Object literal may only specify known properties, and 'keepPreviousData' does not exist in type 'UseQueryOptions<CashBookEntry[], Error, CashBookEntry[], readonly ["cashBook", "list", string, number, number]>'.
src/hooks/useCashBookData.ts(83,20): error TS6133: 'id' is declared but its value is never read.
src/hooks/useCashBookData.ts(109,44): error TS2554: Expected 2 arguments, but got 1.
src/hooks/useCashBookData.ts(110,20): error TS6133: 'id' is declared but its value is never read.
src/hooks/useDashboardData.ts(5,1): error TS6133: 'getTableMode' is declared but its value is never read.
src/hooks/useDashboardData.ts(25,5): error TS2769: No overload matches this call.
  Overload 1 of 3, '(options: DefinedInitialDataOptions<unknown, Error, unknown, readonly ["dashboard", "recentEntries", string]>, queryClient?: QueryClient | undefined): DefinedUseQueryResult<...>', gave the following error.
    Object literal may only specify known properties, and 'keepPreviousData' does not exist in type 'DefinedInitialDataOptions<unknown, Error, unknown, readonly ["dashboard", "recentEntries", string]>'.
  Overload 2 of 3, '(options: UndefinedInitialDataOptions<CashBookEntry[], Error, CashBookEntry[], readonly ["dashboard", "recentEntries", string]>, queryClient?: QueryClient | undefined): UseQueryResult<...>', gave the following error.
    Object literal may only specify known properties, and 'keepPreviousData' does not exist in type 'UndefinedInitialDataOptions<CashBookEntry[], Error, CashBookEntry[], readonly ["dashboard", "recentEntries", string]>'.
  Overload 3 of 3, '(options: UseQueryOptions<CashBookEntry[], Error, CashBookEntry[], readonly ["dashboard", "recentEntries", string]>, queryClient?: QueryClient | undefined): UseQueryResult<...>', gave the following error.
    Object literal may only specify known properties, and 'keepPreviousData' does not exist in type 'UseQueryOptions<CashBookEntry[], Error, CashBookEntry[], readonly ["dashboard", "recentEntries", string]>'.
src/hooks/useDashboardData.ts(42,5): error TS2769: No overload matches this call.
  Overload 1 of 3, '(options: DefinedInitialDataOptions<unknown, Error, unknown, string[]>, queryClient?: QueryClient | undefined): DefinedUseQueryResult<unknown, Error>', gave the following error.
    Object literal may only specify known properties, and 'keepPreviousData' does not exist in type 'DefinedInitialDataOptions<unknown, Error, unknown, string[]>'.
  Overload 2 of 3, '(options: UndefinedInitialDataOptions<CashBookEntry[], Error, CashBookEntry[], string[]>, queryClient?: QueryClient | undefined): UseQueryResult<...>', gave the following error.
    Object literal may only specify known properties, and 'keepPreviousData' does not exist in type 'UndefinedInitialDataOptions<CashBookEntry[], Error, CashBookEntry[], string[]>'.
  Overload 3 of 3, '(options: UseQueryOptions<CashBookEntry[], Error, CashBookEntry[], string[]>, queryClient?: QueryClient | undefined): UseQueryResult<...>', gave the following error.
    Object literal may only specify known properties, and 'keepPreviousData' does not exist in type 'UseQueryOptions<CashBookEntry[], Error, CashBookEntry[], string[]>'.
src/hooks/useDashboardData.ts(44,17): error TS7006: Parameter 'data' implicitly has an 'any' type.
src/hooks/useDashboardData.ts(47,15): error TS7006: Parameter 'error' implicitly has an 'any' type.
src/hooks/useEditEntryData.ts(24,20): error TS6133: 'id' is declared but its value is never read.
src/hooks/useEditEntryData.ts(46,44): error TS2554: Expected 2 arguments, but got 1.
src/hooks/useEditEntryData.ts(47,20): error TS6133: 'id' is declared but its value is never read.
src/lib/jsonDatabase.ts(1,1): error TS6133: 'format' is declared but its value is never read.
src/lib/jsonDatabase.ts(643,40): error TS2341: Property 'toCents' is private and only accessible within class 'FinancialCalculator'.
src/lib/jsonDatabase.ts(644,39): error TS2341: Property 'toCents' is private and only accessible within class 'FinancialCalculator'.
src/lib/jsonDatabase.ts(704,48): error TS2341: Property 'toCents' is private and only accessible within class 'FinancialCalculator'.
src/lib/jsonDatabase.ts(707,47): error TS2341: Property 'toCents' is private and only accessible within class 'FinancialCalculator'.
src/lib/supabaseDatabase.ts(138,65): error TS2367: This comparison appears to be unintentional because the types 'boolean' and 'string' have no overlap.
src/lib/supabaseDatabase.ts(1219,9): error TS2322: Type 'null' is not assignable to type 'string | number'.
src/lib/supabaseDatabase.ts(1254,18): error TS2339: Property 'payment_mode' does not exist on type '{ sno: any; entry_time: string; approved: boolean; edited: boolean; e_count: number; lock_record: boolean; }'.
src/lib/supabaseDatabase.ts(1263,29): error TS2339: Property 'company_name' does not exist on type '{ sno: any; entry_time: string; approved: boolean; edited: boolean; e_count: number; lock_record: boolean; } & Record<"payment_mode", unknown>'.
src/lib/supabaseDatabase.ts(1264,29): error TS2339: Property 'acc_name' does not exist on type '{ sno: any; entry_time: string; approved: boolean; edited: boolean; e_count: number; lock_record: boolean; } & Record<"payment_mode", unknown>'.
src/lib/supabaseDatabase.ts(1283,39): error TS2339: Property 'payment_mode' does not exist on type '{ sno: any; entry_time: string; approved: boolean; edited: boolean; e_count: number; lock_record: boolean; }'.
src/lib/supabaseDatabase.ts(1290,22): error TS2339: Property 'payment_mode' does not exist on type '{ sno: any; entry_time: string; approved: boolean; edited: boolean; e_count: number; lock_record: boolean; }'.
src/lib/supabaseDatabase.ts(1292,28): error TS2339: Property 'payment_mode' does not exist on type '{ sno: any; entry_time: string; approved: boolean; edited: boolean; e_count: number; lock_record: boolean; }'.
src/lib/supabaseDatabase.ts(1312,17): error TS2339: Property 'payment_mode' does not exist on type '{ sno: any; entry_time: string; approved: boolean; edited: boolean; e_count: number; lock_record: boolean; }'.
src/lib/supabaseDatabase.ts(1479,13): error TS2322: Type 'string | null' is not assignable to type 'string | number | boolean'.
  Type 'null' is not assignable to type 'string | number | boolean'.
src/lib/supabaseDatabase.ts(1481,13): error TS2322: Type 'null' is not assignable to type 'string | number | boolean'.
src/lib/supabaseDatabase.ts(1997,17): error TS6133: 'createDeletedCashBookTable' is declared but its value is never read.
src/lib/supabaseDatabase.ts(2477,17): error TS2339: Property 'status' does not exist on type 'PostgrestError'.
src/lib/supabaseDatabase.ts(2532,17): error TS2339: Property 'status' does not exist on type 'PostgrestError'.
src/lib/supabaseDatabase.ts(4589,53): error TS2353: Object literal may only specify known properties, and 'data' does not exist in type '{ success: boolean; method: string; error?: any; }'.
src/lib/supabaseDatabase.ts(4604,52): error TS2353: Object literal may only specify known properties, and 'count' does not exist in type '{ success: boolean; method: string; error?: any; }'.
src/lib/supabaseDatabase.ts(4616,51): error TS2353: Object literal may only specify known properties, and 'session' does not exist in type '{ success: boolean; method: string; error?: any; }'.
src/pages/ApproveRecords.tsx(5,1): error TS6133: 'Select' is declared but its value is never read.
src/pages/ApproveRecords.tsx(1089,17): error TS2339: Property 'info' does not exist on type '{ (message: Message, opts?: Partial<Pick<Toast, "id" | "className" | "style" | "icon" | "position" | "duration" | "ariaProps" | "iconTheme" | "removeDelay">> | undefined): string; ... 6 more ...; promise<T>(promise: Promise<...> | (() => Promise<...>), msgs: { ...; }, opts?: DefaultToastOptions | undefined): Promise...'.
src/pages/BalanceSheet.tsx(8,1): error TS6133: 'useTableMode' is declared but its value is never read.
src/pages/BalanceSheet.tsx(25,9): error TS6133: 'user' is declared but its value is never read.
src/pages/BalanceSheet.tsx(40,10): error TS6133: 'showFinalReport' is declared but its value is never read.
src/pages/BalanceSheet.tsx(40,27): error TS6133: 'setShowFinalReport' is declared but its value is never read.
src/pages/BalanceSheet.tsx(46,10): error TS6133: 'showAddRow' is declared but its value is never read.
src/pages/BalanceSheet.tsx(63,10): error TS6133: 'totals' is declared but its value is never read.
src/pages/BalanceSheet.tsx(69,9): error TS6133: 'yesNoOptions' is declared but its value is never read.
src/pages/BalanceSheet.tsx(325,9): error TS6133: 'removeCustomRow' is declared but its value is never read.
src/pages/BalanceSheet.tsx(347,9): error TS6133: 'updateBalanceSheetAndPL' is declared but its value is never read.
src/pages/BalanceSheet.tsx(352,9): error TS6133: 'exportToExcel' is declared but its value is never read.
src/pages/BankGuarantees.tsx(7,1): error TS6133: 'useTableMode' is declared but its value is never read.
src/pages/BankGuarantees.tsx(10,36): error TS6133: 'parseISO' is declared but its value is never read.
src/pages/BankGuarantees.tsx(25,9): error TS6133: 'user' is declared but its value is never read.
src/pages/BankGuarantees.tsx(263,61): error TS2345: Argument of type '{ bg_no: string; issue_date: string; exp_date: string; work_name: string; credit: number; debit: number; department: string; }' is not assignable to parameter of type 'Omit<BankGuarantee, "id" | "created_at" | "sno" | "updated_at">'.
  Property 'cancelled' is missing in type '{ bg_no: string; issue_date: string; exp_date: string; work_name: string; credit: number; debit: number; department: string; }' but required in type 'Omit<BankGuarantee, "id" | "created_at" | "sno" | "updated_at">'.
src/pages/BankGuarantees.tsx(311,9): error TS6133: 'exportToExcel' is declared but its value is never read.
src/pages/BankGuarantees.tsx(565,21): error TS2322: Type '{ children: Element; type: "button"; variant: "secondary"; onClick: () => void; title: string; className: string; }' is not assignable to type 'IntrinsicAttributes & ButtonProps'.
  Property 'title' does not exist on type 'IntrinsicAttributes & ButtonProps'.
src/pages/BankGuarantees.tsx(582,25): error TS2322: Type '{ children: Element; type: "button"; variant: "secondary"; onClick: () => void; title: string; className: string; }' is not assignable to type 'IntrinsicAttributes & ButtonProps'.
  Property 'title' does not exist on type 'IntrinsicAttributes & ButtonProps'.
src/pages/DailyReport.tsx(4,1): error TS6133: 'Input' is declared but its value is never read.
src/pages/DailyReport.tsx(14,36): error TS6133: 'startOfMonth' is declared but its value is never read.
src/pages/DailyReport.tsx(14,50): error TS6133: 'endOfMonth' is declared but its value is never read.
src/pages/DailyReport.tsx(28,9): error TS6133: 'user' is declared but its value is never read.
src/pages/DailyReport.tsx(58,10): error TS6133: 'showCompanyBalances' is declared but its value is never read.
src/pages/DailyReport.tsx(58,31): error TS6133: 'setShowCompanyBalances' is declared but its value is never read.
src/pages/DailyReport.tsx(59,10): error TS6133: 'showPrintPreview' is declared but its value is never read.
src/pages/DailyReport.tsx(59,28): error TS6133: 'setShowPrintPreview' is declared but its value is never read.
src/pages/DailyReport.tsx(63,10): error TS6133: 'totalEntries' is declared but its value is never read.
src/pages/DailyReport.tsx(201,15): error TS2339: Property 'info' does not exist on type '{ (message: Message, opts?: Partial<Pick<Toast, "id" | "className" | "style" | "icon" | "position" | "duration" | "ariaProps" | "iconTheme" | "removeDelay">> | undefined): string; ... 6 more ...; promise<T>(promise: Promise<...> | (() => Promise<...>), msgs: { ...; }, opts?: DefaultToastOptions | undefined): Promise...'.
src/pages/DailyReport.tsx(405,7): error TS2304: Cannot find name 'setAllLoadedEntries'.
src/pages/DailyReport.tsx(417,9): error TS6133: 'navigateDate' is declared but its value is never read.
src/pages/DailyReport.tsx(496,9): error TS6133: 'exportToExcel' is declared but its value is never read.
src/pages/DailyReport.tsx(534,9): error TS6133: 'getRowColor' is declared but its value is never read.
src/pages/Dashboard.tsx(35,9): error TS6133: 'location' is declared but its value is never read.
src/pages/Dashboard.tsx(55,22): error TS6133: 'accounts' is declared but its value is never read.
src/pages/Dashboard.tsx(55,32): error TS6133: 'subAccounts' is declared but its value is never read.
src/pages/Dashboard.tsx(55,45): error TS6133: 'users' is declared but its value is never read.
src/pages/Dashboard.tsx(56,26): error TS6133: 'invalidateStats' is declared but its value is never read.
src/pages/Dashboard.tsx(56,43): error TS6133: 'invalidateRecentEntries' is declared but its value is never read.
src/pages/Dashboard.tsx(289,9): error TS6133: 'getTransactionColor' is declared but its value is never read.
src/pages/Dashboard.tsx(295,9): error TS6133: 'getTransactionBg' is declared but its value is never read.
src/pages/DeletedRecords.tsx(16,3): error TS6133: 'Building' is declared but its value is never read.
src/pages/DeletedRecords.tsx(17,3): error TS6133: 'User' is declared but its value is never read.
src/pages/DeletedRecords.tsx(18,3): error TS6133: 'Download' is declared but its value is never read.
src/pages/DeletedRecords.tsx(48,11): error TS6133: 'user' is declared but its value is never read.
src/pages/DeletedRecords.tsx(63,10): error TS6133: 'dates' is declared but its value is never read.
src/pages/DeletedRecords.tsx(308,9): error TS6133: 'exportToExcel' is declared but its value is never read.
src/pages/DeletedRecords.tsx(354,62): error TS2322: Type '{ className: string; title: string; }' is not assignable to type 'IntrinsicAttributes & LucideProps'.
  Property 'title' does not exist on type 'IntrinsicAttributes & LucideProps'.
src/pages/DeletedRecords.tsx(356,65): error TS2322: Type '{ className: string; title: string; }' is not assignable to type 'IntrinsicAttributes & LucideProps'.
  Property 'title' does not exist on type 'IntrinsicAttributes & LucideProps'.
src/pages/DeletedRecords.tsx(358,56): error TS2322: Type '{ className: string; title: string; }' is not assignable to type 'IntrinsicAttributes & LucideProps'.
  Property 'title' does not exist on type 'IntrinsicAttributes & LucideProps'.
src/pages/DeletedRecords.tsx(373,11): error TS6133: 'lastDay' is declared but its value is never read.
src/pages/DeletedRecords.tsx(696,81): error TS2322: Type 'string | null' is not assignable to type 'string | undefined'.
  Type 'null' is not assignable to type 'string | undefined'.
src/pages/DeletedRecords.tsx(706,81): error TS2322: Type 'string | null' is not assignable to type 'string | undefined'.
src/pages/DeletedRecords.tsx(723,31): error TS2322: Type '{ children: Element[]; size: "sm"; variant: "secondary"; onClick: () => Promise<void>; disabled: boolean; className: string; title: string; }' is not assignable to type 'IntrinsicAttributes & ButtonProps'.
  Property 'title' does not exist on type 'IntrinsicAttributes & ButtonProps'.
src/pages/DeletedRecords.tsx(734,31): error TS2322: Type '{ children: Element[]; size: "sm"; variant: "danger"; onClick: () => Promise<void>; disabled: boolean; className: string; title: string; }' is not assignable to type 'IntrinsicAttributes & ButtonProps'.
  Property 'title' does not exist on type 'IntrinsicAttributes & ButtonProps'.
src/pages/Drivers.tsx(8,1): error TS6133: 'useTableMode' is declared but its value is never read.
src/pages/Drivers.tsx(16,9): error TS6133: 'user' is declared but its value is never read.
src/pages/Drivers.tsx(60,9): error TS6133: 'getExpiryStatus' is declared but its value is never read.
src/pages/Drivers.tsx(143,58): error TS2345: Argument of type '{ license_front_url: string; license_back_url: string; driver_name: string; license_no: string; exp_date: string; particulars: string; phone: string; address: string; }' is not assignable to parameter of type 'Omit<Driver, "id" | "created_at" | "updated_at">'.
  Property 'sno' is missing in type '{ license_front_url: string; license_back_url: string; driver_name: string; license_no: string; exp_date: string; particulars: string; phone: string; address: string; }' but required in type 'Omit<Driver, "id" | "created_at" | "updated_at">'.
src/pages/Drivers.tsx(179,9): error TS6133: 'handleCancelEdit' is declared but its value is never read.
src/pages/Drivers.tsx(228,19): error TS2322: Type 'string | null' is not assignable to type 'string | number'.
  Type 'null' is not assignable to type 'string | number'.
src/pages/Drivers.tsx(241,19): error TS2322: Type 'string | null' is not assignable to type 'string | number'.
src/pages/Drivers.tsx(248,19): error TS2322: Type 'string | null' is not assignable to type 'string | number'.
src/pages/Drivers.tsx(256,19): error TS2322: Type 'string | null' is not assignable to type 'string | number'.
src/pages/Drivers.tsx(264,19): error TS2322: Type 'string | null' is not assignable to type 'string | number'.
src/pages/EditedRecords.tsx(4,1): error TS6133: 'Input' is declared but its value is never read.
src/pages/EditedRecords.tsx(11,1): error TS6133: 'jsPDF' is declared but its value is never read.
src/pages/EditedRecords.tsx(12,10): error TS6133: 'AlertTriangle' is declared but its value is never read.
src/pages/EditedRecords.tsx(85,38): error TS2304: Cannot find name 'User'.
src/pages/EditedRecords.tsx(161,33): error TS2304: Cannot find name 'User'.
src/pages/EditedRecords.tsx(183,19): error TS2339: Property 'info' does not exist on type '{ (message: Message, opts?: Partial<Pick<Toast, "id" | "className" | "style" | "icon" | "position" | "duration" | "ariaProps" | "iconTheme" | "removeDelay">> | undefined): string; ... 6 more ...; promise<T>(promise: Promise<...> | (() => Promise<...>), msgs: { ...; }, opts?: DefaultToastOptions | undefined): Promise...'.
src/pages/EditedRecords.tsx(192,15): error TS2339: Property 'info' does not exist on type '{ (message: Message, opts?: Partial<Pick<Toast, "id" | "className" | "style" | "icon" | "position" | "duration" | "ariaProps" | "iconTheme" | "removeDelay">> | undefined): string; ... 6 more ...; promise<T>(promise: Promise<...> | (() => Promise<...>), msgs: { ...; }, opts?: DefaultToastOptions | undefined): Promise...'.
src/pages/EditedRecords.tsx(329,9): error TS6133: 'handleExportExcel' is declared but its value is never read.
src/pages/EditedRecords.tsx(413,9): error TS6133: 'handleTestConnection' is declared but its value is never read.
src/pages/EditEntry.tsx(13,1): error TS6133: 'CustomCalendar' is declared but its value is never read.
src/pages/EditEntry.tsx(281,10): error TS6133: 'dependentParticulars' is declared but its value is never read.
src/pages/EditEntry.tsx(1155,9): error TS6133: 'loadAllEntries' is declared but its value is never read.
src/pages/EditEntry.tsx(1198,9): error TS6133: 'testDataAccess' is declared but its value is never read.
src/pages/EditEntry.tsx(1480,11): error TS6133: 'lastDay' is declared but its value is never read.
src/pages/EditEntry.tsx(1587,9): error TS6133: 'exportData' is declared but its value is never read.
src/pages/EditEntry.tsx(2105,17): error TS2322: Type '{ entries: any[]; onDateSelect: (date: string) => void; selectedDate: string; onClose: () => void; }' is not assignable to type 'IntrinsicAttributes & { onDateSelect: (date: string) => void; selectedDate: string; onClose: () => void; }'.
  Property 'entries' does not exist on type 'IntrinsicAttributes & { onDateSelect: (date: string) => void; selectedDate: string; onClose: () => void; }'.
src/pages/EditEntry.tsx(2737,49): error TS6133: 'index' is declared but its value is never read.
src/pages/EditEntry.tsx(2816,29): error TS2322: Type '{ entries: any[]; onDateSelect: (date: string) => void; selectedDate: string; onClose: () => void; }' is not assignable to type 'IntrinsicAttributes & { onDateSelect: (date: string) => void; selectedDate: string; onClose: () => void; }'.
  Property 'entries' does not exist on type 'IntrinsicAttributes & { onDateSelect: (date: string) => void; selectedDate: string; onClose: () => void; }'.
src/pages/ExportExcel.tsx(48,9): error TS6133: 'user' is declared but its value is never read.
src/pages/ExportExcel.tsx(488,9): error TS6133: 'getReportTypeIcon' is declared but its value is never read.
src/pages/LedgerSummary.tsx(4,1): error TS6133: 'Input' is declared but its value is never read.
src/pages/LedgerSummary.tsx(11,18): error TS6133: 'parseISO' is declared but its value is never read.
src/pages/LedgerSummary.tsx(52,9): error TS6133: 'user' is declared but its value is never read.
src/pages/LedgerSummary.tsx(99,9): error TS6133: 'fromPickerRef' is declared but its value is never read.
src/pages/LedgerSummary.tsx(100,9): error TS6133: 'toPickerRef' is declared but its value is never read.
src/pages/LedgerSummary.tsx(488,9): error TS6133: 'refreshData' is declared but its value is never read.
src/pages/LedgerSummary.tsx(493,9): error TS6133: 'resetFilters' is declared but its value is never read.
src/pages/LedgerSummary.tsx(506,9): error TS6133: 'closeFilters' is declared but its value is never read.
src/pages/LedgerSummary.tsx(511,9): error TS6133: 'exportToExcel' is declared but its value is never read.
src/pages/LedgerSummary.tsx(820,11): error TS6133: 'data' is declared but its value is never read.
src/pages/ModeSelection.tsx(42,10): error TS7053: Element implicitly has an 'any' type because expression of type '"regular" | "itr"' can't be used to index type '{}'.
  Property 'regular' does not exist on type '{}'.
src/pages/ModeSelection.tsx(87,57): error TS2339: Property 'regular' does not exist on type '{}'.
src/pages/ModeSelection.tsx(87,83): error TS2339: Property 'regular' does not exist on type '{}'.
src/pages/ModeSelection.tsx(89,53): error TS2339: Property 'itr' does not exist on type '{}'.
src/pages/ModeSelection.tsx(89,75): error TS2339: Property 'itr' does not exist on type '{}'.
src/pages/NewEntry.tsx(89,9): error TS6133: 'mainDatePickerRef' is declared but its value is never read.
src/pages/NewEntry.tsx(90,9): error TS6133: 'dualDatePickerRef' is declared but its value is never read.
src/pages/NewEntry.tsx(255,9): error TS6133: 'testDatabaseConnection' is declared but its value is never read.
src/pages/NewEntry.tsx(1805,34): error TS6133: 'value' is declared but its value is never read.
src/pages/NewEntry.tsx(1853,34): error TS6133: 'value' is declared but its value is never read.
src/pages/NewEntry.tsx(2173,36): error TS6133: 'value' is declared but its value is never read.
src/pages/NewEntry.tsx(2197,36): error TS6133: 'value' is declared but its value is never read.
src/pages/ReplaceForm.tsx(14,1): error TS6192: All imports in import declaration are unused.
src/pages/ReplaceForm.tsx(19,3): error TS6133: 'Replace' is declared but its value is never read.
src/pages/ReplaceForm.tsx(303,21): error TS2339: Property 'warning' does not exist on type '{ (message: Message, opts?: Partial<Pick<Toast, "id" | "className" | "style" | "icon" | "position" | "duration" | "ariaProps" | "iconTheme" | "removeDelay">> | undefined): string; ... 6 more ...; promise<T>(promise: Promise<...> | (() => Promise<...>), msgs: { ...; }, opts?: DefaultToastOptions | undefined): Promise...'.
src/pages/ReplaceForm.tsx(651,19): error TS2339: Property 'warning' does not exist on type '{ (message: Message, opts?: Partial<Pick<Toast, "id" | "className" | "style" | "icon" | "position" | "duration" | "ariaProps" | "iconTheme" | "removeDelay">> | undefined): string; ... 6 more ...; promise<T>(promise: Promise<...> | (() => Promise<...>), msgs: { ...; }, opts?: DefaultToastOptions | undefined): Promise...'.
src/pages/ReplaceForm.tsx(758,19): error TS2339: Property 'warning' does not exist on type '{ (message: Message, opts?: Partial<Pick<Toast, "id" | "className" | "style" | "icon" | "position" | "duration" | "ariaProps" | "iconTheme" | "removeDelay">> | undefined): string; ... 6 more ...; promise<T>(promise: Promise<...> | (() => Promise<...>), msgs: { ...; }, opts?: DefaultToastOptions | undefined): Promise...'.
src/pages/ReplaceForm.tsx(799,17): error TS2339: Property 'warning' does not exist on type '{ (message: Message, opts?: Partial<Pick<Toast, "id" | "className" | "style" | "icon" | "position" | "duration" | "ariaProps" | "iconTheme" | "removeDelay">> | undefined): string; ... 6 more ...; promise<T>(promise: Promise<...> | (() => Promise<...>), msgs: { ...; }, opts?: DefaultToastOptions | undefined): Promise...'.
src/pages/ReplaceForm.tsx(825,21): error TS2339: Property 'warning' does not exist on type '{ (message: Message, opts?: Partial<Pick<Toast, "id" | "className" | "style" | "icon" | "position" | "duration" | "ariaProps" | "iconTheme" | "removeDelay">> | undefined): string; ... 6 more ...; promise<T>(promise: Promise<...> | (() => Promise<...>), msgs: { ...; }, opts?: DefaultToastOptions | undefined): Promise...'.
src/pages/ReplaceForm.tsx(867,17): error TS6133: 'totalUpdated' is declared but its value is never read.
src/pages/ReplaceForm.tsx(891,17): error TS2339: Property 'warning' does not exist on type '{ (message: Message, opts?: Partial<Pick<Toast, "id" | "className" | "style" | "icon" | "position" | "duration" | "ariaProps" | "iconTheme" | "removeDelay">> | undefined): string; ... 6 more ...; promise<T>(promise: Promise<...> | (() => Promise<...>), msgs: { ...; }, opts?: DefaultToastOptions | undefined): Promise...'.
src/pages/UserManagement.tsx(72,7): error TS6133: 'renderModeBadge' is declared but its value is never read.
src/pages/UserManagement.tsx(404,27): error TS6133: 'T' is declared but its value is never read.
src/pages/UserManagement.tsx(435,9): error TS6133: 'handleAddUser' is declared but its value is never read.
src/pages/UserManagement.tsx(466,11): error TS6133: 'createdUser' is declared but its value is never read.
src/pages/UserManagement.tsx(557,9): error TS6133: 'handleFeatureChange' is declared but its value is never read.
src/pages/UserManagement.tsx(558,5): error TS6133: 'userId' is declared but its value is never read.
src/pages/UserManagement.tsx(559,5): error TS6133: 'featureKey' is declared but its value is never read.
src/pages/UserManagement.tsx(560,5): error TS6133: 'hasAccess' is declared but its value is never read.
src/pages/UserManagement.tsx(646,11): error TS6133: 'modeColumnExists' is declared but its value is never read.
src/pages/UserManagement.tsx(846,13): error TS6133: 'supportsUserAccessMode' is declared but its value is never read.
src/pages/UserManagement.tsx(1296,19): error TS2322: Type '{ label: string; type: string; value: string; onChange: (v: string) => void; placeholder: string; maxLength: number; }' is not assignable to type 'IntrinsicAttributes & InputProps & RefAttributes<HTMLInputElement>'.
  Property 'maxLength' does not exist on type 'IntrinsicAttributes & InputProps & RefAttributes<HTMLInputElement>'.
src/pages/UserManagement.tsx(1438,56): error TS6133: 'adminIndex' is declared but its value is never read.
src/pages/UserManagement.tsx(1439,25): error TS6133: 'regularFeatureCount' is declared but its value is never read.
src/pages/UserManagement.tsx(1440,25): error TS6133: 'itrFeatureCount' is declared but its value is never read.
src/pages/UserManagement.tsx(1793,69): error TS2339: Property 'regular' does not exist on type '{}'.
src/pages/UserManagement.tsx(1793,93): error TS2339: Property 'regular' does not exist on type '{}'.
src/pages/UserManagement.tsx(1794,65): error TS2339: Property 'itr' does not exist on type '{}'.
src/pages/UserManagement.tsx(1794,85): error TS2339: Property 'itr' does not exist on type '{}'.
src/pages/UserManagement.tsx(1943,25): error TS6133: 'regularFeatureCount' is declared but its value is never read.
src/pages/UserManagement.tsx(1944,25): error TS6133: 'itrFeatureCount' is declared but its value is never read.
src/pages/UserManagement.tsx(2297,69): error TS2339: Property 'regular' does not exist on type '{}'.
src/pages/UserManagement.tsx(2297,93): error TS2339: Property 'regular' does not exist on type '{}'.
src/pages/UserManagement.tsx(2298,65): error TS2339: Property 'itr' does not exist on type '{}'.
src/pages/UserManagement.tsx(2298,85): error TS2339: Property 'itr' does not exist on type '{}'.
src/pages/Vehicles.tsx(6,1): error TS6133: 'vehicleTypes' is declared but its value is never read.
src/pages/Vehicles.tsx(8,1): error TS6133: 'useTableMode' is declared but its value is never read.
src/pages/Vehicles.tsx(11,36): error TS6133: 'parseISO' is declared but its value is never read.
src/pages/Vehicles.tsx(19,3): error TS6133: 'Calendar' is declared but its value is never read.
src/pages/Vehicles.tsx(20,3): error TS6133: 'FileText' is declared but its value is never read.
src/pages/Vehicles.tsx(22,3): error TS6133: 'Trash2' is declared but its value is never read.
src/pages/Vehicles.tsx(23,3): error TS6133: 'Eye' is declared but its value is never read.
src/pages/Vehicles.tsx(24,3): error TS6133: 'Download' is declared but its value is never read.
src/pages/Vehicles.tsx(31,9): error TS6133: 'user' is declared but its value is never read.
src/pages/Vehicles.tsx(331,9): error TS6133: 'exportToExcel' is declared but its value is never read.
src/pages/Vehicles.tsx(1017,29): error TS2322: Type 'string | undefined' is not assignable to type 'string'.
  Type 'undefined' is not assignable to type 'string'.
src/pages/Vehicles.tsx(1035,29): error TS2322: Type 'string | undefined' is not assignable to type 'string'.
  Type 'undefined' is not assignable to type 'string'.
src/utils/addPaymentModeColumn.ts(20,20): error TS6133: 'data' is declared but its value is never read.
src/utils/alerts.ts(1,10): error TS6133: 'format' is declared but its value is never read.
src/utils/alerts.ts(1,36): error TS6133: 'addDays' is declared but its value is never read.
src/utils/alerts.ts(50,11): error TS6133: 'rules' is declared but its value is never read.
src/utils/alerts.ts(546,3): error TS6133: 'field' is declared but its value is never read.
src/utils/errorHandler.ts(33,11): error TS6133: 'retryQueue' is declared but its value is never read.
src/utils/errorHandler.ts(64,7): error TS6133: 'retryDelay' is declared but its value is never read.
src/utils/errorHandler.ts(244,9): error TS6133: 'errorType' is declared but its value is never read.
src/utils/excel.ts(146,3): error TS6133: 'optionalFields' is declared but its value is never read.
src/utils/print.ts(449,5): error TS6133: 'headerText' is declared but its value is never read.
src/utils/print.ts(987,9): error TS6133: 'balance' is declared but its value is never read.
